// Jest Snapshot v1, https://goo.gl/fbAQLP

exports[`test for menuContainer.jsx menuContainer.js renders on the page 1`] = `<menuContainer />`;
